
> diic-zone-1@1.0.0 build
> next build

Ôû▓ Next.js 16.1.1 (Turbopack)

  Creating an optimized production build ...
node.exe : 
En línea: 1 Carácter: 1
+ & "C:\Program 
Files\nodejs/node.exe" 
"C:\Program 
Files\nodejs/node_mo 
...
+ ~~~~~~~~~~~~~~~~~~~~~
~~~~~~~~~~~~~~~~~~~~~~~
~~~~~~~~~~~~~~~~~~~~~~~
~~
    + CategoryInfo     
         : 
NotSpecified:     
(:String) [], Remote   
 Exception
    + 
FullyQualifiedErro    
rId : NativeCommandE   
 rror
 
> Build error occurred
Error: Turbopack build 
failed with 1 errors:
./components/shared/Aut
omation/AutomationBoard
.js:336:10
Ecmascript file had an 
error
[0m [90m 334 |[39m
 [90m 335 |[39m 
[90m// Temporary 
AnimatePresence 
stub[39m
[31m[1m>[22m[39m[9
0m 336 |[39m 
[36mfunction[39m [33
mAnimatePresence[39m({
children}) { 
[36mreturn[39m [33m<
[39m[33m>[39m{childr
en}[33m<[39m[33m/[3
9m[33m>[39m[33m;[39
m }
 [90m     |[39m      
    [31m[1m^[22m[39
m[31m[1m^[22m[39m[
31m[1m^[22m[39m[31m
[1m^[22m[39m[31m[1
m^[22m[39m[31m[1m^
[22m[39m[31m[1m^[22
m[39m[31m[1m^[22m[
39m[31m[1m^[22m[39m
[31m[1m^[22m[39m[3
1m[1m^[22m[39m[31m
[1m^[22m[39m[31m[1m
^[22m[39m[31m[1m^[
22m[39m[31m[1m^[22m
[39m
 [90m 337 |[39m[0m

the name 
`AnimatePresence` is 
defined multiple times


    at <unknown> (./com
ponents/shared/Automati
on/AutomationBoard.js:3
36:10)
